// Jest Snapshot v1, https://goo.gl/fbAQLP

exports[`matches snapshot 1`] = `
<div
  className="extraTools"
  data-testid="extraTools"
>
  <div>
    <div>
      #
    </div>
  </div>
  <div>
    <div>
      #
    </div>
  </div>
</div>
`;
